../Core/Src/main.c:66:6:AccessSharedData	8	static
../Core/Src/main.c:84:6:SimulateReadWriteOperation	16	static,ignoring_inline_asm
../Core/Src/main.c:99:5:main	128	static
../Core/Src/main.c:185:6:SystemClock_Config	72	static
../Core/Src/main.c:222:13:MX_GPIO_Init	32	static
../Core/Src/main.c:256:6:StartDefaultTask	16	static
../Core/Src/main.c:274:6:redLED	16	static
../Core/Src/main.c:298:6:greenLED	16	static
../Core/Src/main.c:322:6:orangeLED	16	static
../Core/Src/main.c:342:6:HAL_TIM_PeriodElapsedCallback	16	static
../Core/Src/main.c:359:6:Error_Handler	4	static,ignoring_inline_asm
